// import/export wrapping tests
// Short import - should stay inline
import {Foo, Bar, Baz} from "./short";

// Wildcard pattern collapse: str* -> {str*}
import {str*} from "./wildcard";
export {SDL_*} from "./sdl";

// Long import - should wrap (>120 chars)
import {
    VeryLongIdentifierName1,
    VeryLongIdentifierName2,
    VeryLongIdentifierName3,
    VeryLongIdentifierName4,
    VeryLongIdentifierName5
} from "./long";

func apply(x: int, f: func (n: int) int) int {
    return f(x);
}

func combine(a: int, b: int, f: func (x: int, y: int) int) int {
    return f(a, b);
}

func main() {
    // if/while/switch paren collapsing
    var x = 5;
    if x > 0 {
        println("positive");
    }
    if x > 0 {
        println("big");
    } else {
        println("small");
    }
    while x > 0 {
        x = x - 1;
    }

    // arrow lambda func collapsing
    var a = apply(5, (n) => n * 2);
    var b = combine(1, 2, (x, y) => x + y);
    var c = apply(3, (n: int) => n + 1);

    // arrow block collapses to func block
    var d = apply(5, func (n) {
        return n * 2;
    });
    var e = combine(1, 2, func (x, y) {
        return x + y;
    });

    // typed construct expr collapsing
    var nums: Array<int> = [1, 2, 3];

    // redundant construct type in return
    var f = make_point(1, 2);

    // field init shorthand collapsing: key: key → :key
    var p = Point2{:x, y: 5};
}

struct Point2 {
    x: int;
    y: int;

    mut func new(x: int, y: int) {
        this.x = x;
        this.y = y;
    }
}

func make_point(x: int, y: int) Point2 {
    return {x, y};
}

// Function parameter wrapping tests
func short_params(a: int, b: int, c: int) int {
    return a + b + c;
}

func function_name(
    parameter_name_one_long: int,
    parameter_name_two_long: int,
    parameter_name_three_long: int,
    parameter_name_four_long: int
) int {
    return 0;
}

// Function call wrapping tests
func test_wrapping() {
    short_params(1, 2, 3);
    function_name(
        argument_one_with_long_name,
        argument_two_with_long_name,
        argument_three_with_long_name,
        argument_four_with_long_name,
        argument_five
    );
}

// Array literal wrapping tests
func test_arrays() {
    var short_arr = [1, 2, 3, 4];
    var long_arr = [
        element_one_with_long_name,
        element_two_with_long_name,
        element_three_with_long_name,
        element_four_with_long_name,
        element_five
    ];
}

// unsafe func declaration
unsafe func dangerous_alloc(size: int) *void {
    return null;
}

// unsafe block, &move type, move/delete operators
func test_unsafe_and_move(r: &move int) {
    unsafe {
        var p = dangerous_alloc(10);
    }
    var x = move r;
    unsafe {
        delete x;
    }
}

// &mut type in signature
func mutate(x: &mut int) {
    x = 42;
}

// lifetime params and lifetime bounds on type params
func identity<'a, T: 'a>(val: T) T {
    return val;
}

// lifetime param with outlives bound
func nested<'a, 'b: 'a, T: 'b>(outer: T, inner: T) T {
    return outer;
}

// explicit lifetime annotation on reference params
func pick<'a>(a: &'a int, b: &'a int) &'a int {
    return a;
}

// combined mut + lifetime annotation
func mutate_ref(x: &(mut, 'this) int) {
    x = 99;
}

// arrow lambda with &mut param type (exercises type expr lookahead)
func apply_mut(x: &mut int, f: func (n: &mut int)) {
    f(x);
}

func test_lambda_ref_types() {
    var a = 10;
    apply_mut(&mut a, func (n: &mut int) {
        n = 99;
    });

    // func type with &move param (exercises fn type lookahead)
    var f: func (n: &move int) = func (n: &move int) {
        unsafe {
            delete n;
        }
    };
}

// sigil parenthesization: different sigils get wrapped, same sigils don't
func test_sigil_parens(a: ?(&mut int), b: ?(&int), c: ?*int, d: **int, e: ??int, f: *(?int)) {}
